\BOOKMARK [1][-]{section.1}{\376\377\000P\000r\000o\000b\000l\000e\000m\000,\000\040\000a\000s\000s\000u\000m\000p\000t\000i\000o\000n\000s\000,\000\040\000a\000n\000d\000\040\000n\000o\000t\000a\000t\000i\000o\000n}{}% 1
\BOOKMARK [2][-]{subsection.1.1}{\376\377\000T\000h\000e\000\040\000p\000r\000o\000b\000l\000e\000m\000\040\000c\000l\000a\000s\000s}{section.1}% 2
\BOOKMARK [2][-]{subsection.1.2}{\376\377\000S\000m\000o\000o\000t\000h\000n\000e\000s\000s\000\040\000a\000n\000d\000\040\000t\000h\000e\000\040\000w\000o\000r\000k\000i\000n\000g\000\040\000r\000e\000g\000i\000o\000n}{section.1}% 3
\BOOKMARK [2][-]{subsection.1.3}{\376\377\000S\000t\000a\000n\000d\000i\000n\000g\000\040\000n\000o\000t\000a\000t\000i\000o\000n}{section.1}% 4
\BOOKMARK [1][-]{section.2}{\376\377\000M\000o\000d\000e\000l\000s\000:\000\040\000f\000u\000l\000l\000y\000\040\000l\000i\000n\000e\000a\000r\000\040\000f\000o\000r\000\040\000o\000b\000j\000e\000c\000t\000i\000v\000e\000\040\000a\000n\000d\000\040\000c\000o\000n\000s\000t\000r\000a\000i\000n\000t\000s}{}% 5
\BOOKMARK [1][-]{section.3}{\376\377\000I\000n\000f\000e\000a\000s\000i\000b\000i\000l\000i\000t\000y\000\040\000m\000e\000a\000s\000u\000r\000e}{}% 6
\BOOKMARK [1][-]{section.4}{\376\377\000T\000w\000o\000\040\000c\000r\000i\000t\000i\000c\000a\000l\000i\000t\000y\000\040\000m\000e\000a\000s\000u\000r\000e\000s}{}% 7
\BOOKMARK [1][-]{section.5}{\376\377\000T\000h\000e\000\040\000t\000r\000u\000s\000t\000-\000f\000u\000n\000n\000e\000l\000\040\000m\000e\000c\000h\000a\000n\000i\000s\000m\000\040\000f\000o\000r\000\040\000i\000n\000e\000q\000u\000a\000l\000i\000t\000i\000e\000s}{}% 8
\BOOKMARK [1][-]{section.6}{\376\377\000P\000o\000s\000i\000t\000i\000o\000n\000i\000n\000g\000:\000\040\000w\000h\000y\000\040\000t\000h\000i\000s\000\040\000i\000s\000\040\000a\000\040\000g\000e\000n\000u\000i\000n\000e\000\040\000g\000a\000p}{}% 9
\BOOKMARK [2][-]{subsection.6.1}{\376\377\000N\000o\000v\000e\000l\000t\000y\000\040\000s\000t\000a\000t\000e\000m\000e\000n\000t}{section.6}% 10
\BOOKMARK [2][-]{subsection.6.2}{\376\377\000S\000u\000m\000m\000a\000r\000y\000\040\000t\000a\000b\000l\000e}{section.6}% 11
\BOOKMARK [1][-]{section.7}{\376\377\000A\000l\000g\000o\000r\000i\000t\000h\000m\000:\000\040\000a\000\040\000D\000F\000O\000\040\000t\000r\000u\000s\000t\000-\000f\000u\000n\000n\000e\000l\000\040\000f\000o\000r\000\040\000r\000e\000l\000a\000x\000a\000b\000l\000e\000\040\000i\000n\000e\000q\000u\000a\000l\000i\000t\000i\000e\000s}{}% 12
\BOOKMARK [2][-]{subsection.7.1}{\376\377\000P\000e\000r\000-\000i\000t\000e\000r\000a\000t\000i\000o\000n\000\040\000d\000a\000t\000a\000\040\000a\000n\000d\000\040\000c\000o\000n\000s\000t\000a\000n\000t\000s}{section.7}% 13
\BOOKMARK [2][-]{subsection.7.2}{\376\377\000S\000t\000e\000p\000\040\0001\000\040\040\024\000\040\000C\000r\000i\000t\000i\000c\000a\000l\000i\000t\000y\000\040\000s\000t\000e\000p}{section.7}% 14
\BOOKMARK [2][-]{subsection.7.3}{\376\377\000S\000t\000e\000p\000\040\0002\000\040\040\024\000\040\000S\000t\000e\000p\000\040\000c\000a\000l\000c\000u\000l\000a\000t\000i\000o\000n\000\040\000\050\000n\000o\000r\000m\000a\000l\000\040\000t\000h\000e\000n\000\040\000t\000a\000n\000g\000e\000n\000t\000i\000a\000l\000\051}{section.7}% 15
\BOOKMARK [2][-]{subsection.7.4}{\376\377\000S\000t\000e\000p\000\040\0003\000\040\040\024\000\040\000I\000t\000e\000r\000a\000t\000i\000o\000n\000\040\000t\000y\000p\000e\000\040\000a\000n\000d\000\040\000a\000c\000c\000e\000p\000t\000a\000n\000c\000e}{section.7}% 16
\BOOKMARK [2][-]{subsection.7.5}{\376\377\000S\000t\000e\000p\000\040\0004\000\040\040\024\000\040\000M\000o\000d\000e\000l\000\040\000i\000m\000p\000r\000o\000v\000e\000m\000e\000n\000t\000\040\000a\000n\000d\000\040\000f\000u\000n\000n\000e\000l\000\040\000u\000p\000d\000a\000t\000e}{section.7}% 17
\BOOKMARK [2][-]{subsection.7.6}{\376\377\000S\000t\000e\000p\000\040\0005\000\040\040\024\000\040\000T\000r\000u\000s\000t\000-\000r\000e\000g\000i\000o\000n\000\040\000r\000a\000d\000i\000u\000s\000\040\000u\000p\000d\000a\000t\000e}{section.7}% 18
\BOOKMARK [2][-]{subsection.7.7}{\376\377\000C\000o\000n\000s\000o\000l\000i\000d\000a\000t\000e\000d\000\040\000p\000s\000e\000u\000d\000o\000c\000o\000d\000e}{section.7}% 19
\BOOKMARK [1][-]{section.8}{\376\377\000C\000o\000n\000v\000e\000r\000g\000e\000n\000c\000e\000\040\000a\000n\000a\000l\000y\000s\000i\000s}{}% 20
\BOOKMARK [2][-]{subsection.8.1}{\376\377\000S\000u\000p\000p\000o\000r\000t\000i\000n\000g\000\040\000l\000e\000m\000m\000a\000s}{section.8}% 21
\BOOKMARK [2][-]{subsection.8.2}{\376\377\000R\000e\000p\000r\000o\000d\000u\000c\000e\000d\000\040\000s\000i\000n\000g\000l\000e\000-\000r\000e\000g\000i\000o\000n\000\040\000t\000r\000u\000s\000t\000-\000r\000e\000g\000i\000o\000n\000\040\000l\000e\000m\000m\000a\000s}{section.8}% 22
\BOOKMARK [2][-]{subsection.8.3}{\376\377\000F\000e\000a\000s\000i\000b\000i\000l\000i\000t\000y\000\040\000o\000f\000\040\000l\000i\000m\000i\000t\000\040\000p\000o\000i\000n\000t\000s\000\040\000\050\000T\000h\000e\000o\000r\000e\000m\000\040\000T\0001\000\051}{section.8}% 23
\BOOKMARK [2][-]{subsection.8.4}{\376\377\000O\000p\000t\000i\000m\000a\000l\000i\000t\000y\000:\000\040\000a\000\040\000K\000K\000T\000\040\000l\000i\000m\000i\000t\000\040\000p\000o\000i\000n\000t\000\040\000\050\000T\000h\000e\000o\000r\000e\000m\000\040\000T\0002\000\051}{section.8}% 24
\BOOKMARK [2][-]{subsection.8.5}{\376\377\000L\000i\000m\000i\000t\000i\000n\000g\000-\000c\000a\000s\000e\000\040\000v\000a\000l\000i\000d\000a\000t\000i\000o\000n\000s}{section.8}% 25
\BOOKMARK [2][-]{subsection.8.6}{\376\377\000S\000u\000m\000m\000a\000r\000y\000\040\000o\000f\000\040\000t\000h\000e\000\040\000a\000r\000g\000u\000m\000e\000n\000t}{section.8}% 26
\BOOKMARK [1][-]{section*.26}{\376\377\000S\000t\000a\000t\000u\000s}{}% 27
\BOOKMARK [1][-]{appendix.A}{\376\377\000C\000o\000d\000e\000-\000b\000r\000i\000d\000g\000e\000\040\000a\000p\000p\000e\000n\000d\000i\000x\000\040\000\050\000D\0005\000\051}{}% 28
